Failed to parse type in @param tag:
*
 * @param a - the first value.
 * 
